{"type":"start","name":"root","attributes":{}}
{"type":"start","name":"child","attributes":{}}
{"type":"end"}
{"type":"end"}
