{"type":"start","name":"element"}
{"type":"attr","name":"id","value":"my-id"}
{"type":"end"}
