{"type":"comment","value":"// comment 1"}
{"type":"start","name":"element1"}
{"type":"comment","value":"// comment 2 must not break element1 because of indent"}
{"type":"start","name":"child"}
{"type":"comment","value":"//last comment no leading space"}
{"type":"end"}
{"type":"end"}
